// Jest Snapshot v1, https://goo.gl/fbAQLP

exports[`WalletScreen renders correctly 1`] = `
ShallowWrapper {
  "length": 1,
  Symbol(enzyme.__root__): [Circular],
  Symbol(enzyme.__unrendered__): <WalletScreen />,
  Symbol(enzyme.__renderer__): Object {
    "batchedUpdates": [Function],
    "getNode": [Function],
    "render": [Function],
    "simulateEvent": [Function],
    "unmount": [Function],
  },
  Symbol(enzyme.__node__): Object {
    "instance": null,
    "key": undefined,
    "nodeType": "class",
    "props": Object {
      "children": Array [
        <StatusBar
          animated={false}
          backgroundColor="#590c76"
          barStyle="light-content"
          showHideTransition="fade"
        />,
        <LinearGradient
          colors={
            Array [
              "#9619b3",
              "#6f1294",
            ]
          }
          end={
            Object {
              "x": 1,
              "y": 0,
            }
          }
          start={
            Object {
              "x": 0,
              "y": 0,
            }
          }
          style={
            Object {
              "alignItems": "center",
              "flex": 1,
              "justifyContent": "center",
            }
          }
        >
          <Text
            accessible={true}
            allowFontScaling={true}
            ellipsizeMode="tail"
            style={
              Object {
                "color": "rgba(255, 255, 255, .6)",
                "fontSize": 18,
                "fontWeight": "500",
              }
            }
          >
            YOUR TOTAL BALANCE
          </Text>
          <Text
            accessible={true}
            allowFontScaling={true}
            ellipsizeMode="tail"
            style={
              Object {
                "color": "rgba(255, 255, 255, 1)",
                "fontSize": 36,
                "fontWeight": "700",
              }
            }
          >
            ...
             ECA
          </Text>
          <Text
            accessible={true}
            allowFontScaling={true}
            ellipsizeMode="tail"
            style={
              Object {
                "color": "rgba(255, 255, 255, .8)",
                "fontSize": 21,
                "fontWeight": "300",
              }
            }
          >
            ...
            USD
          </Text>
        </LinearGradient>,
      ],
      "style": Object {
        "flex": 1,
      },
    },
    "ref": null,
    "rendered": Array [
      Object {
        "instance": null,
        "key": undefined,
        "nodeType": "class",
        "props": Object {
          "animated": false,
          "backgroundColor": "#590c76",
          "barStyle": "light-content",
          "showHideTransition": "fade",
        },
        "ref": null,
        "rendered": null,
        "type": [Function],
      },
      Object {
        "instance": null,
        "key": undefined,
        "nodeType": "class",
        "props": Object {
          "children": Array [
            <Text
              accessible={true}
              allowFontScaling={true}
              ellipsizeMode="tail"
              style={
                Object {
                  "color": "rgba(255, 255, 255, .6)",
                  "fontSize": 18,
                  "fontWeight": "500",
                }
              }
            >
              YOUR TOTAL BALANCE
            </Text>,
            <Text
              accessible={true}
              allowFontScaling={true}
              ellipsizeMode="tail"
              style={
                Object {
                  "color": "rgba(255, 255, 255, 1)",
                  "fontSize": 36,
                  "fontWeight": "700",
                }
              }
            >
              ...
               ECA
            </Text>,
            <Text
              accessible={true}
              allowFontScaling={true}
              ellipsizeMode="tail"
              style={
                Object {
                  "color": "rgba(255, 255, 255, .8)",
                  "fontSize": 21,
                  "fontWeight": "300",
                }
              }
            >
              ...
              USD
            </Text>,
          ],
          "colors": Array [
            "#9619b3",
            "#6f1294",
          ],
          "end": Object {
            "x": 1,
            "y": 0,
          },
          "start": Object {
            "x": 0,
            "y": 0,
          },
          "style": Object {
            "alignItems": "center",
            "flex": 1,
            "justifyContent": "center",
          },
        },
        "ref": null,
        "rendered": Array [
          Object {
            "instance": null,
            "key": undefined,
            "nodeType": "class",
            "props": Object {
              "accessible": true,
              "allowFontScaling": true,
              "children": "YOUR TOTAL BALANCE",
              "ellipsizeMode": "tail",
              "style": Object {
                "color": "rgba(255, 255, 255, .6)",
                "fontSize": 18,
                "fontWeight": "500",
              },
            },
            "ref": null,
            "rendered": "YOUR TOTAL BALANCE",
            "type": [Function],
          },
          Object {
            "instance": null,
            "key": undefined,
            "nodeType": "class",
            "props": Object {
              "accessible": true,
              "allowFontScaling": true,
              "children": Array [
                "...",
                " ECA",
              ],
              "ellipsizeMode": "tail",
              "style": Object {
                "color": "rgba(255, 255, 255, 1)",
                "fontSize": 36,
                "fontWeight": "700",
              },
            },
            "ref": null,
            "rendered": Array [
              "...",
              " ECA",
            ],
            "type": [Function],
          },
          Object {
            "instance": null,
            "key": undefined,
            "nodeType": "class",
            "props": Object {
              "accessible": true,
              "allowFontScaling": true,
              "children": Array [
                "...",
                "USD",
              ],
              "ellipsizeMode": "tail",
              "style": Object {
                "color": "rgba(255, 255, 255, .8)",
                "fontSize": 21,
                "fontWeight": "300",
              },
            },
            "ref": null,
            "rendered": Array [
              "...",
              "USD",
            ],
            "type": [Function],
          },
        ],
        "type": [Function],
      },
    ],
    "type": [Function],
  },
  Symbol(enzyme.__nodes__): Array [
    Object {
      "instance": null,
      "key": undefined,
      "nodeType": "class",
      "props": Object {
        "children": Array [
          <StatusBar
            animated={false}
            backgroundColor="#590c76"
            barStyle="light-content"
            showHideTransition="fade"
          />,
          <LinearGradient
            colors={
              Array [
                "#9619b3",
                "#6f1294",
              ]
            }
            end={
              Object {
                "x": 1,
                "y": 0,
              }
            }
            start={
              Object {
                "x": 0,
                "y": 0,
              }
            }
            style={
              Object {
                "alignItems": "center",
                "flex": 1,
                "justifyContent": "center",
              }
            }
          >
            <Text
              accessible={true}
              allowFontScaling={true}
              ellipsizeMode="tail"
              style={
                Object {
                  "color": "rgba(255, 255, 255, .6)",
                  "fontSize": 18,
                  "fontWeight": "500",
                }
              }
            >
              YOUR TOTAL BALANCE
            </Text>
            <Text
              accessible={true}
              allowFontScaling={true}
              ellipsizeMode="tail"
              style={
                Object {
                  "color": "rgba(255, 255, 255, 1)",
                  "fontSize": 36,
                  "fontWeight": "700",
                }
              }
            >
              ...
               ECA
            </Text>
            <Text
              accessible={true}
              allowFontScaling={true}
              ellipsizeMode="tail"
              style={
                Object {
                  "color": "rgba(255, 255, 255, .8)",
                  "fontSize": 21,
                  "fontWeight": "300",
                }
              }
            >
              ...
              USD
            </Text>
          </LinearGradient>,
        ],
        "style": Object {
          "flex": 1,
        },
      },
      "ref": null,
      "rendered": Array [
        Object {
          "instance": null,
          "key": undefined,
          "nodeType": "class",
          "props": Object {
            "animated": false,
            "backgroundColor": "#590c76",
            "barStyle": "light-content",
            "showHideTransition": "fade",
          },
          "ref": null,
          "rendered": null,
          "type": [Function],
        },
        Object {
          "instance": null,
          "key": undefined,
          "nodeType": "class",
          "props": Object {
            "children": Array [
              <Text
                accessible={true}
                allowFontScaling={true}
                ellipsizeMode="tail"
                style={
                  Object {
                    "color": "rgba(255, 255, 255, .6)",
                    "fontSize": 18,
                    "fontWeight": "500",
                  }
                }
              >
                YOUR TOTAL BALANCE
              </Text>,
              <Text
                accessible={true}
                allowFontScaling={true}
                ellipsizeMode="tail"
                style={
                  Object {
                    "color": "rgba(255, 255, 255, 1)",
                    "fontSize": 36,
                    "fontWeight": "700",
                  }
                }
              >
                ...
                 ECA
              </Text>,
              <Text
                accessible={true}
                allowFontScaling={true}
                ellipsizeMode="tail"
                style={
                  Object {
                    "color": "rgba(255, 255, 255, .8)",
                    "fontSize": 21,
                    "fontWeight": "300",
                  }
                }
              >
                ...
                USD
              </Text>,
            ],
            "colors": Array [
              "#9619b3",
              "#6f1294",
            ],
            "end": Object {
              "x": 1,
              "y": 0,
            },
            "start": Object {
              "x": 0,
              "y": 0,
            },
            "style": Object {
              "alignItems": "center",
              "flex": 1,
              "justifyContent": "center",
            },
          },
          "ref": null,
          "rendered": Array [
            Object {
              "instance": null,
              "key": undefined,
              "nodeType": "class",
              "props": Object {
                "accessible": true,
                "allowFontScaling": true,
                "children": "YOUR TOTAL BALANCE",
                "ellipsizeMode": "tail",
                "style": Object {
                  "color": "rgba(255, 255, 255, .6)",
                  "fontSize": 18,
                  "fontWeight": "500",
                },
              },
              "ref": null,
              "rendered": "YOUR TOTAL BALANCE",
              "type": [Function],
            },
            Object {
              "instance": null,
              "key": undefined,
              "nodeType": "class",
              "props": Object {
                "accessible": true,
                "allowFontScaling": true,
                "children": Array [
                  "...",
                  " ECA",
                ],
                "ellipsizeMode": "tail",
                "style": Object {
                  "color": "rgba(255, 255, 255, 1)",
                  "fontSize": 36,
                  "fontWeight": "700",
                },
              },
              "ref": null,
              "rendered": Array [
                "...",
                " ECA",
              ],
              "type": [Function],
            },
            Object {
              "instance": null,
              "key": undefined,
              "nodeType": "class",
              "props": Object {
                "accessible": true,
                "allowFontScaling": true,
                "children": Array [
                  "...",
                  "USD",
                ],
                "ellipsizeMode": "tail",
                "style": Object {
                  "color": "rgba(255, 255, 255, .8)",
                  "fontSize": 21,
                  "fontWeight": "300",
                },
              },
              "ref": null,
              "rendered": Array [
                "...",
                "USD",
              ],
              "type": [Function],
            },
          ],
          "type": [Function],
        },
      ],
      "type": [Function],
    },
  ],
  Symbol(enzyme.__options__): Object {
    "adapter": ReactSixteenAdapter {
      "options": Object {
        "enableComponentDidUpdateOnSetState": true,
      },
    },
  },
}
`;
